src/modules/admin/pages/AdminLogin.tsx(44,36): error TS2345: Argument of type '{ userType: "Admin"; id: string; firstName: string; lastName: string; mobile: string; email: string; role: string; }' is not assignable to parameter of type 'User'.
  Types of property 'role' are incompatible.
    Type 'string' is not assignable to type 'Role'.
src/modules/admin/pages/AdminRegister.tsx(49,44): error TS2345: Argument of type '{ userType: "Admin"; id: string; firstName: string; lastName: string; mobile: string; email: string; role: string; }' is not assignable to parameter of type 'User'.
  Types of property 'role' are incompatible.
    Type 'string' is not assignable to type 'Role'.
src/modules/seller/components/SellerHeader.tsx(172,24): error TS2339: Property 'city' does not exist on type 'User'.
src/modules/seller/components/SellerHeader.tsx(173,29): error TS2339: Property 'city' does not exist on type 'User'.
src/modules/seller/components/SellerHeader.tsx(173,41): error TS2339: Property 'address' does not exist on type 'User'.
src/modules/seller/components/SellerHeader.tsx(173,61): error TS2339: Property 'address' does not exist on type 'User'.
src/modules/seller/components/SellerHeader.tsx(287,28): error TS2339: Property 'city' does not exist on type 'User'.
src/modules/seller/components/SellerHeader.tsx(288,33): error TS2339: Property 'city' does not exist on type 'User'.
src/modules/seller/components/SellerHeader.tsx(288,45): error TS2339: Property 'address' does not exist on type 'User'.
src/modules/seller/components/SellerHeader.tsx(288,65): error TS2339: Property 'address' does not exist on type 'User'.
src/modules/seller/pages/SellerAddProduct.tsx(134,42): error TS2339: Property 'categories' does not exist on type 'User'.
src/modules/seller/pages/SellerAddProduct.tsx(134,62): error TS2339: Property 'category' does not exist on type 'User'.
src/modules/seller/pages/SellerAddProduct.tsx(134,79): error TS2339: Property 'category' does not exist on type 'User'.
src/modules/seller/pages/SellerLogin.tsx(54,11): error TS2353: Object literal may only specify known properties, and 'storeName' does not exist in type 'User'.
src/modules/seller/pages/SellerProductList.tsx(154,27): error TS2339: Property 'storeName' does not exist on type 'User'.
src/modules/seller/pages/SellerProductList.tsx(173,25): error TS2339: Property 'storeName' does not exist on type 'User'.
src/modules/seller/pages/SellerSignUp.tsx(248,11): error TS2353: Object literal may only specify known properties, and 'storeName' does not exist in type 'User'.
src/modules/seller/pages/SellerStockManagement.tsx(97,47): error TS2339: Property 'storeName' does not exist on type 'User'.
